// Jest Snapshot v1, https://goo.gl/fbAQLP

exports[`TreeChart.vue renders correctly 1`] = `"<div class=\\"TreeChart\\" style=\\"--width: 684px;\\"><svg id=\\"svg\\" viewBox=\\"0 0 1024 512\\"></svg></div>"`;
