// Jest Snapshot v1, https://goo.gl/fbAQLP

exports[`Main.vue matches snapshot when data is received 1`] = `"<div class=\\"Main-container\\"><h1 class=\\"Main-title\\">ABN AMRO Code Challenge</h1> [\\"some-data\\"]</div>"`;

exports[`Main.vue matches snapshot when theres no data 1`] = `"<div> Loading... </div>"`;
